// Jest Snapshot v1, https://goo.gl/fbAQLP

exports[`ContractItem/index.js renders without crashing 1`] = `ShallowWrapper {}`;

exports[`ContractItem/index.js renders without crashing 2`] = `ShallowWrapper {}`;
