// Jest Snapshot v1, https://goo.gl/fbAQLP

exports[`Form/index.js renders without crashing 1`] = `ShallowWrapper {}`;
